// Jest Snapshot v1, https://goo.gl/fbAQLP

exports[`Probando componente GifItem.jsx debe hacer match con  el snapshot 1`] = `
<div>
  <div
    class="card"
  >
    <img
      alt="Goku"
      src="http://probando/"
    />
    <p>
      Goku
    </p>
  </div>
</div>
`;
